// Jest Snapshot v1, https://goo.gl/fbAQLP

exports[`Group resolver returns the correct data 1`] = `
Object {
  "group": Object {
    "allOn": false,
    "anyOn": true,
    "class": "Hallway",
    "id": "10",
    "name": "Group name",
    "type": "Room",
  },
}
`;
