// Jest Snapshot v1, https://goo.gl/fbAQLP

exports[`Groups resolver contains all the data from each group 1`] = `
Array [
  Object {
    "anyOn": true,
    "color": "#ffceff",
    "name": "Group name",
    "type": "Room",
  },
]
`;
